Archive member included to satisfy reference by file (symbol)

c:/mounriver/mounriver_studio2/resources/app/resources/win32/components/wch/toolchain/risc-v embedded gcc/bin/../lib/gcc/riscv-none-embed/8.2.0/../../../../riscv-none-embed/lib/rv32imacxw/ilp32\libg_nano.a(lib_a-memcpy.o)
                              ./User/ch32v30x_usbhs_device.o (memcpy)
c:/mounriver/mounriver_studio2/resources/app/resources/win32/components/wch/toolchain/risc-v embedded gcc/bin/../lib/gcc/riscv-none-embed/8.2.0/../../../../riscv-none-embed/lib/rv32imacxw/ilp32\libg_nano.a(lib_a-printf.o)
                              ./User/main.o (printf)
c:/mounriver/mounriver_studio2/resources/app/resources/win32/components/wch/toolchain/risc-v embedded gcc/bin/../lib/gcc/riscv-none-embed/8.2.0/../../../../riscv-none-embed/lib/rv32imacxw/ilp32\libg_nano.a(lib_a-puts.o)
                              ./User/main.o (puts)
c:/mounriver/mounriver_studio2/resources/app/resources/win32/components/wch/toolchain/risc-v embedded gcc/bin/../lib/gcc/riscv-none-embed/8.2.0/../../../../riscv-none-embed/lib/rv32imacxw/ilp32\libg_nano.a(lib_a-wbuf.o)
                              c:/mounriver/mounriver_studio2/resources/app/resources/win32/components/wch/toolchain/risc-v embedded gcc/bin/../lib/gcc/riscv-none-embed/8.2.0/../../../../riscv-none-embed/lib/rv32imacxw/ilp32\libg_nano.a(lib_a-puts.o) (__swbuf_r)
c:/mounriver/mounriver_studio2/resources/app/resources/win32/components/wch/toolchain/risc-v embedded gcc/bin/../lib/gcc/riscv-none-embed/8.2.0/../../../../riscv-none-embed/lib/rv32imacxw/ilp32\libg_nano.a(lib_a-wsetup.o)
                              c:/mounriver/mounriver_studio2/resources/app/resources/win32/components/wch/toolchain/risc-v embedded gcc/bin/../lib/gcc/riscv-none-embed/8.2.0/../../../../riscv-none-embed/lib/rv32imacxw/ilp32\libg_nano.a(lib_a-puts.o) (__swsetup_r)
c:/mounriver/mounriver_studio2/resources/app/resources/win32/components/wch/toolchain/risc-v embedded gcc/bin/../lib/gcc/riscv-none-embed/8.2.0/../../../../riscv-none-embed/lib/rv32imacxw/ilp32\libg_nano.a(lib_a-fflush.o)
                              c:/mounriver/mounriver_studio2/resources/app/resources/win32/components/wch/toolchain/risc-v embedded gcc/bin/../lib/gcc/riscv-none-embed/8.2.0/../../../../riscv-none-embed/lib/rv32imacxw/ilp32\libg_nano.a(lib_a-wbuf.o) (_fflush_r)
c:/mounriver/mounriver_studio2/resources/app/resources/win32/components/wch/toolchain/risc-v embedded gcc/bin/../lib/gcc/riscv-none-embed/8.2.0/../../../../riscv-none-embed/lib/rv32imacxw/ilp32\libg_nano.a(lib_a-findfp.o)
                              c:/mounriver/mounriver_studio2/resources/app/resources/win32/components/wch/toolchain/risc-v embedded gcc/bin/../lib/gcc/riscv-none-embed/8.2.0/../../../../riscv-none-embed/lib/rv32imacxw/ilp32\libg_nano.a(lib_a-printf.o) (__sinit)
c:/mounriver/mounriver_studio2/resources/app/resources/win32/components/wch/toolchain/risc-v embedded gcc/bin/../lib/gcc/riscv-none-embed/8.2.0/../../../../riscv-none-embed/lib/rv32imacxw/ilp32\libg_nano.a(lib_a-fwalk.o)
                              c:/mounriver/mounriver_studio2/resources/app/resources/win32/components/wch/toolchain/risc-v embedded gcc/bin/../lib/gcc/riscv-none-embed/8.2.0/../../../../riscv-none-embed/lib/rv32imacxw/ilp32\libg_nano.a(lib_a-findfp.o) (_fwalk)
c:/mounriver/mounriver_studio2/resources/app/resources/win32/components/wch/toolchain/risc-v embedded gcc/bin/../lib/gcc/riscv-none-embed/8.2.0/../../../../riscv-none-embed/lib/rv32imacxw/ilp32\libg_nano.a(lib_a-impure.o)
                              c:/mounriver/mounriver_studio2/resources/app/resources/win32/components/wch/toolchain/risc-v embedded gcc/bin/../lib/gcc/riscv-none-embed/8.2.0/../../../../riscv-none-embed/lib/rv32imacxw/ilp32\libg_nano.a(lib_a-fflush.o) (_global_impure_ptr)
c:/mounriver/mounriver_studio2/resources/app/resources/win32/components/wch/toolchain/risc-v embedded gcc/bin/../lib/gcc/riscv-none-embed/8.2.0/../../../../riscv-none-embed/lib/rv32imacxw/ilp32\libg_nano.a(lib_a-makebuf.o)
                              c:/mounriver/mounriver_studio2/resources/app/resources/win32/components/wch/toolchain/risc-v embedded gcc/bin/../lib/gcc/riscv-none-embed/8.2.0/../../../../riscv-none-embed/lib/rv32imacxw/ilp32\libg_nano.a(lib_a-wsetup.o) (__smakebuf_r)
c:/mounriver/mounriver_studio2/resources/app/resources/win32/components/wch/toolchain/risc-v embedded gcc/bin/../lib/gcc/riscv-none-embed/8.2.0/../../../../riscv-none-embed/lib/rv32imacxw/ilp32\libg_nano.a(lib_a-memset.o)
                              c:/mounriver/mounriver_studio2/resources/app/resources/win32/components/wch/toolchain/risc-v embedded gcc/bin/../lib/gcc/riscv-none-embed/8.2.0/../../../../riscv-none-embed/lib/rv32imacxw/ilp32\libg_nano.a(lib_a-findfp.o) (memset)
[...]
Memory Configuration

Name             Origin             Length             Attributes
FLASH            0x0000000000000000 0x0000000000048000 xr
RAM              0x0000000020000000 0x0000000000008000 xrw
*default*        0x0000000000000000 0xffffffffffffffff

Linker script and memory map

LOAD ./User/ch32v30x_it.o
LOAD ./User/ch32v30x_usbhs_device.o
LOAD ./User/main.o
LOAD ./User/system_ch32v30x.o
LOAD ./User/usbd_compostie_km.o
LOAD ./User/usbd_desc.o
LOAD ./Startup/startup_ch32v30x_D8C.o
LOAD ./Peripheral/src/ch32v30x_adc.o
LOAD ./Peripheral/src/ch32v30x_bkp.o
LOAD ./Peripheral/src/ch32v30x_can.o
LOAD ./Peripheral/src/ch32v30x_crc.o
LOAD ./Peripheral/src/ch32v30x_dac.o
LOAD ./Peripheral/src/ch32v30x_dbgmcu.o
LOAD ./Peripheral/src/ch32v30x_dma.o
LOAD ./Peripheral/src/ch32v30x_dvp.o
LOAD ./Peripheral/src/ch32v30x_eth.o
LOAD ./Peripheral/src/ch32v30x_exti.o
LOAD ./Peripheral/src/ch32v30x_flash.o
LOAD ./Peripheral/src/ch32v30x_fsmc.o
LOAD ./Peripheral/src/ch32v30x_gpio.o
LOAD ./Peripheral/src/ch32v30x_i2c.o
LOAD ./Peripheral/src/ch32v30x_iwdg.o
LOAD ./Peripheral/src/ch32v30x_misc.o
LOAD ./Peripheral/src/ch32v30x_opa.o
LOAD ./Peripheral/src/ch32v30x_pwr.o
LOAD ./Peripheral/src/ch32v30x_rcc.o
LOAD ./Peripheral/src/ch32v30x_rng.o
LOAD ./Peripheral/src/ch32v30x_rtc.o
LOAD ./Peripheral/src/ch32v30x_sdio.o
LOAD ./Peripheral/src/ch32v30x_spi.o
LOAD ./Peripheral/src/ch32v30x_tim.o
LOAD ./Peripheral/src/ch32v30x_usart.o
LOAD ./Peripheral/src/ch32v30x_wwdg.o
LOAD ./Debug/debug.o
LOAD ./Core/core_riscv.o
LOAD c:/mounriver/mounriver_studio2/resources/app/resources/win32/components/wch/toolchain/risc-v embedded gcc/bin/../lib/gcc/riscv-none-embed/8.2.0/../../../../riscv-none-embed/lib/rv32imacxw/ilp32\libm.a
LOAD c:/mounriver/mounriver_studio2/resources/app/resources/win32/components/wch/toolchain/risc-v embedded gcc/bin/../lib/gcc/riscv-none-embed/8.2.0/rv32imacxw/ilp32\libgcc.a
LOAD c:/mounriver/mounriver_studio2/resources/app/resources/win32/components/wch/toolchain/risc-v embedded gcc/bin/../lib/gcc/riscv-none-embed/8.2.0/../../../../riscv-none-embed/lib/rv32imacxw/ilp32\libg_nano.a
LOAD c:/mounriver/mounriver_studio2/resources/app/resources/win32/components/wch/toolchain/risc-v embedded gcc/bin/../lib/gcc/riscv-none-embed/8.2.0/../../../../riscv-none-embed/lib/rv32imacxw/ilp32\libc_nano.a
LOAD c:/mounriver/mounriver_studio2/resources/app/resources/win32/components/wch/toolchain/risc-v embedded gcc/bin/../lib/gcc/riscv-none-embed/8.2.0/rv32imacxw/ilp32\libgcc.a
START GROUP
LOAD c:/mounriver/mounriver_studio2/resources/app/resources/win32/components/wch/toolchain/risc-v embedded gcc/bin/../lib/gcc/riscv-none-embed/8.2.0/rv32imacxw/ilp32\libgcc.a
LOAD c:/mounriver/mounriver_studio2/resources/app/resources/win32/components/wch/toolchain/risc-v embedded gcc/bin/../lib/gcc/riscv-none-embed/8.2.0/../../../../riscv-none-embed/lib/rv32imacxw/ilp32\libc_nano.a
LOAD c:/mounriver/mounriver_studio2/resources/app/resources/win32/components/wch/toolchain/risc-v embedded gcc/bin/../lib/gcc/riscv-none-embed/8.2.0/../../../../riscv-none-embed/lib/rv32imacxw/ilp32\libnosys.a
END GROUP
START GROUP
LOAD c:/mounriver/mounriver_studio2/resources/app/resources/win32/components/wch/toolchain/risc-v embedded gcc/bin/../lib/gcc/riscv-none-embed/8.2.0/rv32imacxw/ilp32\libgcc.a
LOAD c:/mounriver/mounriver_studio2/resources/app/resources/win32/components/wch/toolchain/risc-v embedded gcc/bin/../lib/gcc/riscv-none-embed/8.2.0/../../../../riscv-none-embed/lib/rv32imacxw/ilp32\libc_nano.a
LOAD c:/mounriver/mounriver_studio2/resources/app/resources/win32/components/wch/toolchain/risc-v embedded gcc/bin/../lib/gcc/riscv-none-embed/8.2.0/../../../../riscv-none-embed/lib/rv32imacxw/ilp32\libnosys.a
END GROUP
                0x0000000000000800                __stack_size = 0x800
                [!provide]                        PROVIDE (_stack_size = __stack_size)

.init           0x0000000000000000        0x4
                0x0000000000000000                _sinit = .
                0x0000000000000000                . = ALIGN (0x4)
 *(SORT_NONE(.init))
 .init          0x0000000000000000        0x4 ./Startup/startup_ch32v30x_D8C.o
                0x0000000000000000                _start
                0x0000000000000004                . = ALIGN (0x4)
                0x0000000000000004                _einit = .

.vector         0x0000000000000004      0x1bc
 *(.vector)
 .vector        0x0000000000000004      0x1a0 ./Startup/startup_ch32v30x_D8C.o
                0x00000000000001c0                . = ALIGN (0x40)
 *fill*         0x00000000000001a4       0x1c 

.text           0x00000000000001c0     0x50b8
                0x00000000000001c0                . = ALIGN (0x4)
 *(.text)
 .text          0x00000000000001c0       0xa8 c:/mounriver/mounriver_studio2/resources/app/resources/win32/components/wch/toolchain/risc-v embedded gcc/bin/../lib/gcc/riscv-none-embed/8.2.0/../../../../riscv-none-embed/lib/rv32imacxw/ilp32\libg_nano.a(lib_a-memset.o)
                0x00000000000001c0                memset
 *(.text.*)
 .text.NMI_Handler
                0x0000000000000268        0x8 ./User/ch32v30x_it.o
                0x0000000000000268                NMI_Handler
 .text.HardFault_Handler
                0x0000000000000270       0x16 ./User/ch32v30x_it.o
                0x0000000000000270                HardFault_Handler
 .text.USB_TestMode_Deal
                0x0000000000000286      0x2ce ./User/ch32v30x_usbhs_device.o
                0x0000000000000286                USB_TestMode_Deal
 .text.USBHS_RCC_Init
                0x0000000000000554       0x3c ./User/ch32v30x_usbhs_device.o
                0x0000000000000554                USBHS_RCC_Init
 .text.USBHS_Device_Endp_Init
                0x0000000000000590       0xb0 ./User/ch32v30x_usbhs_device.o
                0x0000000000000590                USBHS_Device_Endp_Init
 .text.USBHS_Device_Init
                0x0000000000000640       0xf8 ./User/ch32v30x_usbhs_device.o
                0x0000000000000640                USBHS_Device_Init
 .text.USBHS_Endp_DataUp
                0x0000000000000738      0x274 ./User/ch32v30x_usbhs_device.o
                0x0000000000000738                USBHS_Endp_DataUp
 .text.USBHS_IRQHandler
                0x00000000000009ac      0xc12 ./User/ch32v30x_usbhs_device.o
                0x00000000000009ac                USBHS_IRQHandler
 .text.USBHS_Send_Resume
                0x00000000000015be       0x5c ./User/ch32v30x_usbhs_device.o
                0x00000000000015be                USBHS_Send_Resume
 .text.main     0x000000000000161a       0x9a ./User/main.o
                0x000000000000161a                main
 .text.SystemInit
                0x00000000000016b4       0x98 ./User/system_ch32v30x.o
                0x00000000000016b4                SystemInit
 .text.SystemCoreClockUpdate
                0x000000000000174c      0x1ce ./User/system_ch32v30x.o
                0x000000000000174c                SystemCoreClockUpdate
 .text.SetSysClock
                0x000000000000191a       0x14 ./User/system_ch32v30x.o
 .text.SetSysClockTo96_HSE
                0x000000000000192e      0x114 ./User/system_ch32v30x.o
 .text.TIM3_Init
                0x0000000000001a42       0x94 ./User/usbd_compostie_km.o
                0x0000000000001a42                TIM3_Init
 .text.TIM3_IRQHandler
                0x0000000000001ad6       0x4e ./User/usbd_compostie_km.o
                0x0000000000001ad6                TIM3_IRQHandler
 .text.KB_Scan_Init
                0x0000000000001b24      0x24e ./User/usbd_compostie_km.o
                0x0000000000001b24                KB_Scan_Init
 .text.adcKB    0x0000000000001d72       0xfe ./User/usbd_compostie_km.o
                0x0000000000001d72                adcKB
 .text.KB_Scan  0x0000000000001e70       0x88 ./User/usbd_compostie_km.o
                0x0000000000001e70                KB_Scan
 .text.KB_Scan_Handle
                0x0000000000001ef8      0x2b4 ./User/usbd_compostie_km.o
                0x0000000000001ef8                KB_Scan_Handle
 .text.USB_Sleep_Wakeup_CFG
                0x00000000000021ac       0x46 ./User/usbd_compostie_km.o
                0x00000000000021ac                USB_Sleep_Wakeup_CFG
 .text.MCU_Sleep_Wakeup_Operate
                0x00000000000021f2      0x174 ./User/usbd_compostie_km.o
                0x00000000000021f2                MCU_Sleep_Wakeup_Operate
 .text.vector_handler
                0x0000000000002366        0x2 ./Startup/startup_ch32v30x_D8C.o
                0x0000000000002366                EXTI2_IRQHandler
                0x0000000000002366                TIM8_TRG_COM_IRQHandler
                0x0000000000002366                TIM8_CC_IRQHandler
                0x0000000000002366                UART8_IRQHandler
                0x0000000000002366                TIM1_CC_IRQHandler
                0x0000000000002366                TIM6_IRQHandler
                0x0000000000002366                SysTick_Handler
                0x0000000000002366                PVD_IRQHandler
                0x0000000000002366                SDIO_IRQHandler
                0x0000000000002366                TIM9_BRK_IRQHandler
                0x0000000000002366                DMA2_Channel8_IRQHandler
                0x0000000000002366                CAN2_RX1_IRQHandler
                0x0000000000002366                EXTI3_IRQHandler
                0x0000000000002366                DMA2_Channel9_IRQHandler
                0x0000000000002366                TIM10_CC_IRQHandler
                0x0000000000002366                USBFS_IRQHandler
                0x0000000000002366                EXTI0_IRQHandler
                0x0000000000002366                I2C2_EV_IRQHandler
                0x0000000000002366                TIM10_TRG_COM_IRQHandler
                0x0000000000002366                CAN2_SCE_IRQHandler
                0x0000000000002366                ADC1_2_IRQHandler
                0x0000000000002366                Break_Point_Handler
                0x0000000000002366                SPI1_IRQHandler
                0x0000000000002366                TAMPER_IRQHandler
                0x0000000000002366                CAN2_RX0_IRQHandler
                0x0000000000002366                TIM8_UP_IRQHandler
                0x0000000000002366                Ecall_M_Mode_Handler
                0x0000000000002366                DMA2_Channel2_IRQHandler
                0x0000000000002366                DMA1_Channel4_IRQHandler
                0x0000000000002366                TIM9_UP_IRQHandler
                0x0000000000002366                USART3_IRQHandler
                0x0000000000002366                RTC_IRQHandler
                0x0000000000002366                DMA1_Channel7_IRQHandler
                0x0000000000002366                CAN1_RX1_IRQHandler
                0x0000000000002366                DVP_IRQHandler
                0x0000000000002366                UART5_IRQHandler
                0x0000000000002366                TIM4_IRQHandler
                0x0000000000002366                DMA2_Channel1_IRQHandler
                0x0000000000002366                I2C1_EV_IRQHandler
                0x0000000000002366                DMA1_Channel6_IRQHandler
                0x0000000000002366                UART4_IRQHandler
                0x0000000000002366                DMA2_Channel4_IRQHandler
                0x0000000000002366                RCC_IRQHandler
                0x0000000000002366                TIM1_TRG_COM_IRQHandler
                0x0000000000002366                DMA1_Channel1_IRQHandler
                0x0000000000002366                DMA2_Channel7_IRQHandler
                0x0000000000002366                EXTI15_10_IRQHandler
                0x0000000000002366                TIM7_IRQHandler
                0x0000000000002366                CAN2_TX_IRQHandler
                0x0000000000002366                TIM5_IRQHandler
                0x0000000000002366                EXTI9_5_IRQHandler
                0x0000000000002366                ETH_WKUP_IRQHandler
                0x0000000000002366                SPI2_IRQHandler
                0x0000000000002366                TIM10_BRK_IRQHandler
                0x0000000000002366                TIM9_CC_IRQHandler
                0x0000000000002366                DMA2_Channel5_IRQHandler
                0x0000000000002366                DMA1_Channel5_IRQHandler
                0x0000000000002366                EXTI4_IRQHandler
                0x0000000000002366                USB_LP_CAN1_RX0_IRQHandler
                0x0000000000002366                RNG_IRQHandler
                0x0000000000002366                USB_HP_CAN1_TX_IRQHandler
                0x0000000000002366                DMA1_Channel3_IRQHandler
                0x0000000000002366                ETH_IRQHandler
                0x0000000000002366                TIM1_UP_IRQHandler
                0x0000000000002366                WWDG_IRQHandler
                0x0000000000002366                USBHSWakeup_IRQHandler
                0x0000000000002366                DMA2_Channel11_IRQHandler
                0x0000000000002366                Ecall_U_Mode_Handler
                0x0000000000002366                DMA2_Channel6_IRQHandler
                0x0000000000002366                TIM2_IRQHandler
                0x0000000000002366                SW_Handler
                0x0000000000002366                TIM1_BRK_IRQHandler
                0x0000000000002366                DMA2_Channel10_IRQHandler
                0x0000000000002366                EXTI1_IRQHandler
                0x0000000000002366                RTCAlarm_IRQHandler
                0x0000000000002366                TIM10_UP_IRQHandler
                0x0000000000002366                TIM9_TRG_COM_IRQHandler
                0x0000000000002366                UART7_IRQHandler
                0x0000000000002366                USART2_IRQHandler
                0x0000000000002366                UART6_IRQHandler
                0x0000000000002366                I2C2_ER_IRQHandler
                0x0000000000002366                DMA1_Channel2_IRQHandler
                0x0000000000002366                TIM8_BRK_IRQHandler
                0x0000000000002366                CAN1_SCE_IRQHandler
                0x0000000000002366                FLASH_IRQHandler
                0x0000000000002366                USART1_IRQHandler
                0x0000000000002366                SPI3_IRQHandler
                0x0000000000002366                I2C1_ER_IRQHandler
                0x0000000000002366                USBWakeUp_IRQHandler
                0x0000000000002366                DMA2_Channel3_IRQHandler
 .text.handle_reset
                0x0000000000002368       0x8a ./Startup/startup_ch32v30x_D8C.o
                0x0000000000002368                handle_reset
 .text.ADC_DeInit
                0x00000000000023f2       0x60 ./Peripheral/src/ch32v30x_adc.o
                0x00000000000023f2                ADC_DeInit
 .text.ADC_Init
                0x0000000000002452      0x100 ./Peripheral/src/ch32v30x_adc.o
                0x0000000000002452                ADC_Init
 .text.ADC_Cmd  0x0000000000002552       0x3e ./Peripheral/src/ch32v30x_adc.o
                0x0000000000002552                ADC_Cmd
 .text.ADC_DMACmd
                0x0000000000002590       0x3e ./Peripheral/src/ch32v30x_adc.o
                0x0000000000002590                ADC_DMACmd
 .text.ADC_ResetCalibration
                0x00000000000025ce       0x22 ./Peripheral/src/ch32v30x_adc.o
                0x00000000000025ce                ADC_ResetCalibration
 .text.ADC_GetResetCalibrationStatus
                0x00000000000025f0       0x30 ./Peripheral/src/ch32v30x_adc.o
                0x00000000000025f0                ADC_GetResetCalibrationStatus
 .text.ADC_StartCalibration
                0x0000000000002620       0x22 ./Peripheral/src/ch32v30x_adc.o
                0x0000000000002620                ADC_StartCalibration
 .text.ADC_GetCalibrationStatus
                0x0000000000002642       0x30 ./Peripheral/src/ch32v30x_adc.o
                0x0000000000002642                ADC_GetCalibrationStatus
 .text.ADC_SoftwareStartConvCmd
                0x0000000000002672       0x44 ./Peripheral/src/ch32v30x_adc.o
                0x0000000000002672                ADC_SoftwareStartConvCmd
 .text.ADC_RegularChannelConfig
                0x00000000000026b6      0x248 ./Peripheral/src/ch32v30x_adc.o
                0x00000000000026b6                ADC_RegularChannelConfig
 .text.Get_CalibrationValue
                0x00000000000028fe      0x20e ./Peripheral/src/ch32v30x_adc.o
                0x00000000000028fe                Get_CalibrationValue
 .text.DBGMCU_GetCHIPID
                0x0000000000002b0c       0x18 ./Peripheral/src/ch32v30x_dbgmcu.o
                0x0000000000002b0c                DBGMCU_GetCHIPID
 .text.DMA_DeInit
                0x0000000000002b24      0x312 ./Peripheral/src/ch32v30x_dma.o
                0x0000000000002b24                DMA_DeInit
 .text.DMA_Init
                0x0000000000002e36       0xa8 ./Peripheral/src/ch32v30x_dma.o
                0x0000000000002e36                DMA_Init
 .text.DMA_Cmd  0x0000000000002ede       0x40 ./Peripheral/src/ch32v30x_dma.o
                0x0000000000002ede                DMA_Cmd
 .text.EXTI_Init
                0x0000000000002f1e      0x170 ./Peripheral/src/ch32v30x_exti.o
                0x0000000000002f1e                EXTI_Init
 .text.EXTI_GetFlagStatus
                0x000000000000308e       0x38 ./Peripheral/src/ch32v30x_exti.o
                0x000000000000308e                EXTI_GetFlagStatus
 .text.EXTI_ClearFlag
                0x00000000000030c6       0x20 ./Peripheral/src/ch32v30x_exti.o
                0x00000000000030c6                EXTI_ClearFlag
 .text.GPIO_Init
                0x00000000000030e6      0x222 ./Peripheral/src/ch32v30x_gpio.o
                0x00000000000030e6                GPIO_Init
 .text.NVIC_PriorityGroupConfig
                0x0000000000003308       0x1a ./Peripheral/src/ch32v30x_misc.o
                0x0000000000003308                NVIC_PriorityGroupConfig
 .text.NVIC_Init
                0x0000000000003322       0xd0 ./Peripheral/src/ch32v30x_misc.o
                0x0000000000003322                NVIC_Init
 .text.PWR_EnterSTOPMode
                0x00000000000033f2      0x13e ./Peripheral/src/ch32v30x_pwr.o
                0x00000000000033f2                PWR_EnterSTOPMode
 .text.RCC_ADCCLKConfig
                0x0000000000003530       0x46 ./Peripheral/src/ch32v30x_rcc.o
                0x0000000000003530                RCC_ADCCLKConfig
 .text.RCC_AHBPeriphClockCmd
                0x0000000000003576       0x46 ./Peripheral/src/ch32v30x_rcc.o
                0x0000000000003576                RCC_AHBPeriphClockCmd
 .text.RCC_APB2PeriphClockCmd
                0x00000000000035bc       0x46 ./Peripheral/src/ch32v30x_rcc.o
                0x00000000000035bc                RCC_APB2PeriphClockCmd
 .text.RCC_APB1PeriphClockCmd
                0x0000000000003602       0x46 ./Peripheral/src/ch32v30x_rcc.o
                0x0000000000003602                RCC_APB1PeriphClockCmd
 .text.RCC_APB2PeriphResetCmd
                0x0000000000003648       0x46 ./Peripheral/src/ch32v30x_rcc.o
                0x0000000000003648                RCC_APB2PeriphResetCmd
 .text.RCC_USBHSConfig
                0x000000000000368e       0x3c ./Peripheral/src/ch32v30x_rcc.o
                0x000000000000368e                RCC_USBHSConfig
 .text.RCC_USBHSPLLCLKConfig
                0x00000000000036ca       0x3c ./Peripheral/src/ch32v30x_rcc.o
                0x00000000000036ca                RCC_USBHSPLLCLKConfig
 .text.RCC_USBHSPLLCKREFCLKConfig
                0x0000000000003706       0x3c ./Peripheral/src/ch32v30x_rcc.o
                0x0000000000003706                RCC_USBHSPLLCKREFCLKConfig
 .text.RCC_USBHSPHYPLLALIVEcmd
                0x0000000000003742       0x40 ./Peripheral/src/ch32v30x_rcc.o
                0x0000000000003742                RCC_USBHSPHYPLLALIVEcmd
 .text.RCC_USBCLK48MConfig
                0x0000000000003782       0x3e ./Peripheral/src/ch32v30x_rcc.o
                0x0000000000003782                RCC_USBCLK48MConfig
 .text.TIM_TimeBaseInit
                0x00000000000037c0      0x168 ./Peripheral/src/ch32v30x_tim.o
                0x00000000000037c0                TIM_TimeBaseInit
 .text.TIM_Cmd  0x0000000000003928       0x50 ./Peripheral/src/ch32v30x_tim.o
                0x0000000000003928                TIM_Cmd
 .text.TIM_ITConfig
                0x0000000000003978       0x68 ./Peripheral/src/ch32v30x_tim.o
                0x0000000000003978                TIM_ITConfig
 .text.TIM_GetITStatus
                0x00000000000039e0       0x6c ./Peripheral/src/ch32v30x_tim.o
                0x00000000000039e0                TIM_GetITStatus
 .text.TIM_ClearITPendingBit
                0x0000000000003a4c       0x2c ./Peripheral/src/ch32v30x_tim.o
                0x0000000000003a4c                TIM_ClearITPendingBit
 .text.USART_SendData
                0x0000000000003a78       0x2c ./Peripheral/src/ch32v30x_usart.o
                0x0000000000003a78                USART_SendData
 .text.USART_GetFlagStatus
                0x0000000000003aa4       0x44 ./Peripheral/src/ch32v30x_usart.o
                0x0000000000003aa4                USART_GetFlagStatus
 .text.Delay_Init
                0x0000000000003ae8       0x46 ./Debug/debug.o
                0x0000000000003ae8                Delay_Init
 .text.Delay_Us
                0x0000000000003b2e       0x84 ./Debug/debug.o
                0x0000000000003b2e                Delay_Us
 .text.Delay_Ms
                0x0000000000003bb2       0x84 ./Debug/debug.o
                0x0000000000003bb2                Delay_Ms
 .text._write   0x0000000000003c36       0x76 ./Debug/debug.o
                0x0000000000003c36                _write
 .text._sbrk    0x0000000000003cac       0x5a ./Debug/debug.o
                0x0000000000003cac                _sbrk
 .text.memcpy   0x0000000000003d06       0xb2 c:/mounriver/mounriver_studio2/resources/app/resources/win32/components/wch/toolchain/risc-v embedded gcc/bin/../lib/gcc/riscv-none-embed/8.2.0/../../../../riscv-none-embed/lib/rv32imacxw/ilp32\libg_nano.a(lib_a-memcpy.o)
                0x0000000000003d06                memcpy
 .text.printf   0x0000000000003db8       0x40 c:/mounriver/mounriver_studio2/resources/app/resources/win32/components/wch/toolchain/risc-v embedded gcc/bin/../lib/gcc/riscv-none-embed/8.2.0/../../../../riscv-none-embed/lib/rv32imacxw/ilp32\libg_nano.a(lib_a-printf.o)
                0x0000000000003db8                iprintf
                0x0000000000003db8                printf
 .text._puts_r  0x0000000000003df8       0xd4 c:/mounriver/mounriver_studio2/resources/app/resources/win32/components/wch/toolchain/risc-v embedded gcc/bin/../lib/gcc/riscv-none-embed/8.2.0/../../../../riscv-none-embed/lib/rv32imacxw/ilp32\libg_nano.a(lib_a-puts.o)
                0x0000000000003df8                _puts_r
 .text.puts     0x0000000000003ecc        0xa c:/mounriver/mounriver_studio2/resources/app/resources/win32/components/wch/toolchain/risc-v embedded gcc/bin/../lib/gcc/riscv-none-embed/8.2.0/../../../../riscv-none-embed/lib/rv32imacxw/ilp32\libg_nano.a(lib_a-puts.o)
                0x0000000000003ecc                puts
 .text.__swbuf_r
                0x0000000000003ed6       0xbc c:/mounriver/mounriver_studio2/resources/app/resources/win32/components/wch/toolchain/risc-v embedded gcc/bin/../lib/gcc/riscv-none-embed/8.2.0/../../../../riscv-none-embed/lib/rv32imacxw/ilp32\libg_nano.a(lib_a-wbuf.o)
                0x0000000000003ed6                __swbuf_r
 .text.__swsetup_r
                0x0000000000003f92       0xfc c:/mounriver/mounriver_studio2/resources/app/resources/win32/components/wch/toolchain/risc-v embedded gcc/bin/../lib/gcc/riscv-none-embed/8.2.0/../../../../riscv-none-embed/lib/rv32imacxw/ilp32\libg_nano.a(lib_a-wsetup.o)
                0x0000000000003f92                __swsetup_r
 .text.__sflush_r
                0x000000000000408e      0x130 c:/mounriver/mounriver_studio2/resources/app/resources/win32/components/wch/toolchain/risc-v embedded gcc/bin/../lib/gcc/riscv-none-embed/8.2.0/../../../../riscv-none-embed/lib/rv32imacxw/ilp32\libg_nano.a(lib_a-fflush.o)
                0x000000000000408e                __sflush_r
 .text._fflush_r
                0x00000000000041be       0x64 c:/mounriver/mounriver_studio2/resources/app/resources/win32/components/wch/toolchain/risc-v embedded gcc/bin/../lib/gcc/riscv-none-embed/8.2.0/../../../../riscv-none-embed/lib/rv32imacxw/ilp32\libg_nano.a(lib_a-fflush.o)
                0x00000000000041be                _fflush_r
 .text.std      0x0000000000004222       0x66 c:/mounriver/mounriver_studio2/resources/app/resources/win32/components/wch/toolchain/risc-v embedded gcc/bin/../lib/gcc/riscv-none-embed/8.2.0/../../../../riscv-none-embed/lib/rv32imacxw/ilp32\libg_nano.a(lib_a-findfp.o)
 .text._cleanup_r
                0x0000000000004288        0xa c:/mounriver/mounriver_studio2/resources/app/resources/win32/components/wch/toolchain/risc-v embedded gcc/bin/../lib/gcc/riscv-none-embed/8.2.0/../../../../riscv-none-embed/lib/rv32imacxw/ilp32\libg_nano.a(lib_a-findfp.o)
                0x0000000000004288                _cleanup_r
 .text.__sfmoreglue
                0x0000000000004292       0x46 c:/mounriver/mounriver_studio2/resources/app/resources/win32/components/wch/toolchain/risc-v embedded gcc/bin/../lib/gcc/riscv-none-embed/8.2.0/../../../../riscv-none-embed/lib/rv32imacxw/ilp32\libg_nano.a(lib_a-findfp.o)
                0x0000000000004292                __sfmoreglue
 .text.__sinit  0x00000000000042d8       0x66 c:/mounriver/mounriver_studio2/resources/app/resources/win32/components/wch/toolchain/risc-v embedded gcc/bin/../lib/gcc/riscv-none-embed/8.2.0/../../../../riscv-none-embed/lib/rv32imacxw/ilp32\libg_nano.a(lib_a-findfp.o)
                0x00000000000042d8                __sinit
 .text.__sfp    0x000000000000433e       0x9c c:/mounriver/mounriver_studio2/resources/app/resources/win32/components/wch/toolchain/risc-v embedded gcc/bin/../lib/gcc/riscv-none-embed/8.2.0/../../../../riscv-none-embed/lib/rv32imacxw/ilp32\libg_nano.a(lib_a-findfp.o)
                0x000000000000433e                __sfp
 .text._fwalk_reent
                0x00000000000043da       0x6a c:/mounriver/mounriver_studio2/resources/app/resources/win32/components/wch/toolchain/risc-v embedded gcc/bin/../lib/gcc/riscv-none-embed/8.2.0/../../../../riscv-none-embed/lib/rv32imacxw/ilp32\libg_nano.a(lib_a-fwalk.o)
                0x00000000000043da                _fwalk_reent
 .text.__swhatbuf_r
                0x0000000000004444       0x58 c:/mounriver/mounriver_studio2/resources/app/resources/win32/components/wch/toolchain/risc-v embedded gcc/bin/../lib/gcc/riscv-none-embed/8.2.0/../../../../riscv-none-embed/lib/rv32imacxw/ilp32\libg_nano.a(lib_a-makebuf.o)
                0x0000000000004444                __swhatbuf_r
 .text.__smakebuf_r
                0x000000000000449c       0x90 c:/mounriver/mounriver_studio2/resources/app/resources/win32/components/wch/toolchain/risc-v embedded gcc/bin/../lib/gcc/riscv-none-embed/8.2.0/../../../../riscv-none-embed/lib/rv32imacxw/ilp32\libg_nano.a(lib_a-makebuf.o)
                0x000000000000449c                __smakebuf_r
 .text._free_r  0x000000000000452c       0xa8 c:/mounriver/mounriver_studio2/resources/app/resources/win32/components/wch/toolchain/risc-v embedded gcc/bin/../lib/gcc/riscv-none-embed/8.2.0/../../../../riscv-none-embed/lib/rv32imacxw/ilp32\libg_nano.a(lib_a-nano-freer.o)
                0x000000000000452c                _free_r
 .text._malloc_r
                0x00000000000045d4       0xd4 c:/mounriver/mounriver_studio2/resources/app/resources/win32/components/wch/toolchain/risc-v embedded gcc/bin/../lib/gcc/riscv-none-embed/8.2.0/../../../../riscv-none-embed/lib/rv32imacxw/ilp32\libg_nano.a(lib_a-nano-mallocr.o)
                0x00000000000045d4                _malloc_r
 .text.__sfputc_r
                0x00000000000046a8       0x28 c:/mounriver/mounriver_studio2/resources/app/resources/win32/components/wch/toolchain/risc-v embedded gcc/bin/../lib/gcc/riscv-none-embed/8.2.0/../../../../riscv-none-embed/lib/rv32imacxw/ilp32\libg_nano.a(lib_a-nano-vfprintf.o)
 .text.__sfputs_r
                0x00000000000046d0       0x40 c:/mounriver/mounriver_studio2/resources/app/resources/win32/components/wch/toolchain/risc-v embedded gcc/bin/../lib/gcc/riscv-none-embed/8.2.0/../../../../riscv-none-embed/lib/rv32imacxw/ilp32\libg_nano.a(lib_a-nano-vfprintf.o)
                0x00000000000046d0                __sfputs_r
 .text._vfprintf_r
                0x0000000000004710      0x286 c:/mounriver/mounriver_studio2/resources/app/resources/win32/components/wch/toolchain/risc-v embedded gcc/bin/../lib/gcc/riscv-none-embed/8.2.0/../../../../riscv-none-embed/lib/rv32imacxw/ilp32\libg_nano.a(lib_a-nano-vfprintf.o)
                0x0000000000004710                _vfprintf_r
                0x0000000000004710                _vfiprintf_r
 .text._printf_common
                0x0000000000004996      0x10c c:/mounriver/mounriver_studio2/resources/app/resources/win32/components/wch/toolchain/risc-v embedded gcc/bin/../lib/gcc/riscv-none-embed/8.2.0/../../../../riscv-none-embed/lib/rv32imacxw/ilp32\libg_nano.a(lib_a-nano-vfprintf_i.o)
                0x0000000000004996                _printf_common
 .text._printf_i
                0x0000000000004aa2      0x2a2 c:/mounriver/mounriver_studio2/resources/app/resources/win32/components/wch/toolchain/risc-v embedded gcc/bin/../lib/gcc/riscv-none-embed/8.2.0/../../../../riscv-none-embed/lib/rv32imacxw/ilp32\libg_nano.a(lib_a-nano-vfprintf_i.o)
                0x0000000000004aa2                _printf_i
 .text._sbrk_r  0x0000000000004d44       0x2a c:/mounriver/mounriver_studio2/resources/app/resources/win32/components/wch/toolchain/risc-v embedded gcc/bin/../lib/gcc/riscv-none-embed/8.2.0/../../../../riscv-none-embed/lib/rv32imacxw/ilp32\libg_nano.a(lib_a-sbrkr.o)
                0x0000000000004d44                _sbrk_r
 .text.__sread  0x0000000000004d6e       0x2c c:/mounriver/mounriver_studio2/resources/app/resources/win32/components/wch/toolchain/risc-v embedded gcc/bin/../lib/gcc/riscv-none-embed/8.2.0/../../../../riscv-none-embed/lib/rv32imacxw/ilp32\libg_nano.a(lib_a-stdio.o)
                0x0000000000004d6e                __sread
 .text.__swrite
                0x0000000000004d9a       0x48 c:/mounriver/mounriver_studio2/resources/app/resources/win32/components/wch/toolchain/risc-v embedded gcc/bin/../lib/gcc/riscv-none-embed/8.2.0/../../../../riscv-none-embed/lib/rv32imacxw/ilp32\libg_nano.a(lib_a-stdio.o)
                0x0000000000004d9a                __swrite
 .text.__sseek  0x0000000000004de2       0x30 c:/mounriver/mounriver_studio2/resources/app/resources/win32/components/wch/toolchain/risc-v embedded gcc/bin/../lib/gcc/riscv-none-embed/8.2.0/../../../../riscv-none-embed/lib/rv32imacxw/ilp32\libg_nano.a(lib_a-stdio.o)
                0x0000000000004de2                __sseek
 .text.__sclose
                0x0000000000004e12        0x6 c:/mounriver/mounriver_studio2/resources/app/resources/win32/components/wch/toolchain/risc-v embedded gcc/bin/../lib/gcc/riscv-none-embed/8.2.0/../../../../riscv-none-embed/lib/rv32imacxw/ilp32\libg_nano.a(lib_a-stdio.o)
                0x0000000000004e12                __sclose
 .text._write_r
                0x0000000000004e18       0x2e c:/mounriver/mounriver_studio2/resources/app/resources/win32/components/wch/toolchain/risc-v embedded gcc/bin/../lib/gcc/riscv-none-embed/8.2.0/../../../../riscv-none-embed/lib/rv32imacxw/ilp32\libg_nano.a(lib_a-writer.o)
                0x0000000000004e18                _write_r
 .text._close_r
                0x0000000000004e46       0x28 c:/mounriver/mounriver_studio2/resources/app/resources/win32/components/wch/toolchain/risc-v embedded gcc/bin/../lib/gcc/riscv-none-embed/8.2.0/../../../../riscv-none-embed/lib/rv32imacxw/ilp32\libg_nano.a(lib_a-closer.o)
                0x0000000000004e46                _close_r
 .text._fstat_r
                0x0000000000004e6e       0x2a c:/mounriver/mounriver_studio2/resources/app/resources/win32/components/wch/toolchain/risc-v embedded gcc/bin/../lib/gcc/riscv-none-embed/8.2.0/../../../../riscv-none-embed/lib/rv32imacxw/ilp32\libg_nano.a(lib_a-fstatr.o)
                0x0000000000004e6e                _fstat_r
 .text._isatty_r
                0x0000000000004e98       0x28 c:/mounriver/mounriver_studio2/resources/app/resources/win32/components/wch/toolchain/risc-v embedded gcc/bin/../lib/gcc/riscv-none-embed/8.2.0/../../../../riscv-none-embed/lib/rv32imacxw/ilp32\libg_nano.a(lib_a-isattyr.o)
                0x0000000000004e98                _isatty_r
 .text._lseek_r
                0x0000000000004ec0       0x2c c:/mounriver/mounriver_studio2/resources/app/resources/win32/components/wch/toolchain/risc-v embedded gcc/bin/../lib/gcc/riscv-none-embed/8.2.0/../../../../riscv-none-embed/lib/rv32imacxw/ilp32\libg_nano.a(lib_a-lseekr.o)
                0x0000000000004ec0                _lseek_r
 .text.memchr   0x0000000000004eec       0x18 c:/mounriver/mounriver_studio2/resources/app/resources/win32/components/wch/toolchain/risc-v embedded gcc/bin/../lib/gcc/riscv-none-embed/8.2.0/../../../../riscv-none-embed/lib/rv32imacxw/ilp32\libg_nano.a(lib_a-memchr.o)
                0x0000000000004eec                memchr
 .text.__malloc_lock
                0x0000000000004f04        0x2 c:/mounriver/mounriver_studio2/resources/app/resources/win32/components/wch/toolchain/risc-v embedded gcc/bin/../lib/gcc/riscv-none-embed/8.2.0/../../../../riscv-none-embed/lib/rv32imacxw/ilp32\libg_nano.a(lib_a-mlock.o)
                0x0000000000004f04                __malloc_lock
 .text.__malloc_unlock
                0x0000000000004f06        0x2 c:/mounriver/mounriver_studio2/resources/app/resources/win32/components/wch/toolchain/risc-v embedded gcc/bin/../lib/gcc/riscv-none-embed/8.2.0/../../../../riscv-none-embed/lib/rv32imacxw/ilp32\libg_nano.a(lib_a-mlock.o)
                0x0000000000004f06                __malloc_unlock
 .text._read_r  0x0000000000004f08       0x2c c:/mounriver/mounriver_studio2/resources/app/resources/win32/components/wch/toolchain/risc-v embedded gcc/bin/../lib/gcc/riscv-none-embed/8.2.0/../../../../riscv-none-embed/lib/rv32imacxw/ilp32\libg_nano.a(lib_a-readr.o)
                0x0000000000004f08                _read_r
 .text._close   0x0000000000004f34        0xc c:/mounriver/mounriver_studio2/resources/app/resources/win32/components/wch/toolchain/risc-v embedded gcc/bin/../lib/gcc/riscv-none-embed/8.2.0/../../../../riscv-none-embed/lib/rv32imacxw/ilp32\libnosys.a(close.o)
                0x0000000000004f34                _close
 .text._fstat   0x0000000000004f40        0xc c:/mounriver/mounriver_studio2/resources/app/resources/win32/components/wch/toolchain/risc-v embedded gcc/bin/../lib/gcc/riscv-none-embed/8.2.0/../../../../riscv-none-embed/lib/rv32imacxw/ilp32\libnosys.a(fstat.o)
                0x0000000000004f40                _fstat
 .text._isatty  0x0000000000004f4c        0xc c:/mounriver/mounriver_studio2/resources/app/resources/win32/components/wch/toolchain/risc-v embedded gcc/bin/../lib/gcc/riscv-none-embed/8.2.0/../../../../riscv-none-embed/lib/rv32imacxw/ilp32\libnosys.a(isatty.o)
                0x0000000000004f4c                _isatty
 .text._lseek   0x0000000000004f58        0xc c:/mounriver/mounriver_studio2/resources/app/resources/win32/components/wch/toolchain/risc-v embedded gcc/bin/../lib/gcc/riscv-none-embed/8.2.0/../../../../riscv-none-embed/lib/rv32imacxw/ilp32\libnosys.a(lseek.o)
                0x0000000000004f58                _lseek
 .text._read    0x0000000000004f64        0xc c:/mounriver/mounriver_studio2/resources/app/resources/win32/components/wch/toolchain/risc-v embedded gcc/bin/../lib/gcc/riscv-none-embed/8.2.0/../../../../riscv-none-embed/lib/rv32imacxw/ilp32\libnosys.a(read.o)
                0x0000000000004f64                _read
 *(.rodata)
 *fill*         0x0000000000004f70        0x0 
 .rodata        0x0000000000004f70       0x63 ./User/main.o
 *fill*         0x0000000000004fd3        0x1 
 .rodata        0x0000000000004fd4        0xe ./User/usbd_compostie_km.o
 *(.rodata*)
 *fill*         0x0000000000004fe2        0x2 
 .rodata.USBHS_IRQHandler
                0x0000000000004fe4       0xec ./User/ch32v30x_usbhs_device.o
 .rodata.MyDevDescr
                0x00000000000050d0       0x12 ./User/usbd_desc.o
                0x00000000000050d0                MyDevDescr
 *fill*         0x00000000000050e2        0x2 
 .rodata.MyCfgDescr
                0x00000000000050e4       0x3b ./User/usbd_desc.o
                0x00000000000050e4                MyCfgDescr
 *fill*         0x000000000000511f        0x1 
 .rodata.KeyRepDesc
                0x0000000000005120       0x3e ./User/usbd_desc.o
                0x0000000000005120                KeyRepDesc
 *fill*         0x000000000000515e        0x2 
 .rodata.MouseRepDesc
                0x0000000000005160       0x34 ./User/usbd_desc.o
                0x0000000000005160                MouseRepDesc
 .rodata.MyQuaDesc
                0x0000000000005194        0xa ./User/usbd_desc.o
                0x0000000000005194                MyQuaDesc
 *fill*         0x000000000000519e        0x2 
 .rodata.MyManuInfo
                0x00000000000051a0        0xe ./User/usbd_desc.o
                0x00000000000051a0                MyManuInfo
 *fill*         0x00000000000051ae        0x2 
 .rodata.MyProdInfo
                0x00000000000051b0       0x12 ./User/usbd_desc.o
                0x00000000000051b0                MyProdInfo
 *fill*         0x00000000000051c2        0x2 
 .rodata.MySerNumInfo
                0x00000000000051c4       0x16 ./User/usbd_desc.o
                0x00000000000051c4                MySerNumInfo
 *fill*         0x00000000000051da        0x2 
 .rodata.__sf_fake_stderr
                0x00000000000051dc       0x20 c:/mounriver/mounriver_studio2/resources/app/resources/win32/components/wch/toolchain/risc-v embedded gcc/bin/../lib/gcc/riscv-none-embed/8.2.0/../../../../riscv-none-embed/lib/rv32imacxw/ilp32\libg_nano.a(lib_a-findfp.o)
                0x00000000000051dc                __sf_fake_stderr
 .rodata.__sf_fake_stdin
                0x00000000000051fc       0x20 c:/mounriver/mounriver_studio2/resources/app/resources/win32/components/wch/toolchain/risc-v embedded gcc/bin/../lib/gcc/riscv-none-embed/8.2.0/../../../../riscv-none-embed/lib/rv32imacxw/ilp32\libg_nano.a(lib_a-findfp.o)
                0x00000000000051fc                __sf_fake_stdin
 .rodata.__sf_fake_stdout
                0x000000000000521c       0x20 c:/mounriver/mounriver_studio2/resources/app/resources/win32/components/wch/toolchain/risc-v embedded gcc/bin/../lib/gcc/riscv-none-embed/8.2.0/../../../../riscv-none-embed/lib/rv32imacxw/ilp32\libg_nano.a(lib_a-findfp.o)
                0x000000000000521c                __sf_fake_stdout
 .rodata._vfprintf_r.str1.4
                0x000000000000523c       0x13 c:/mounriver/mounriver_studio2/resources/app/resources/win32/components/wch/toolchain/risc-v embedded gcc/bin/../lib/gcc/riscv-none-embed/8.2.0/../../../../riscv-none-embed/lib/rv32imacxw/ilp32\libg_nano.a(lib_a-nano-vfprintf.o)
 *fill*         0x000000000000524f        0x1 
 .rodata._printf_i.str1.4
                0x0000000000005250       0x28 c:/mounriver/mounriver_studio2/resources/app/resources/win32/components/wch/toolchain/risc-v embedded gcc/bin/../lib/gcc/riscv-none-embed/8.2.0/../../../../riscv-none-embed/lib/rv32imacxw/ilp32\libg_nano.a(lib_a-nano-vfprintf_i.o)
                                         0x25 (size before relaxing)
 *(.gnu.linkonce.t.*)
                0x0000000000005278                . = ALIGN (0x4)

.rela.dyn       0x0000000000005278        0x0
 .rela.init     0x0000000000005278        0x0 ./User/ch32v30x_it.o
 .rela.vector   0x0000000000005278        0x0 ./User/ch32v30x_it.o
 .rela.text.handle_reset
                0x0000000000005278        0x0 ./User/ch32v30x_it.o
 .rela.sdata.curbrk.5377
                0x0000000000005278        0x0 ./User/ch32v30x_it.o
 .rela.text._sbrk
                0x0000000000005278        0x0 ./User/ch32v30x_it.o
 .rela.text._vfprintf_r
                0x0000000000005278        0x0 ./User/ch32v30x_it.o
 .rela.text._sbrk_r
                0x0000000000005278        0x0 ./User/ch32v30x_it.o
 .rela.text._write_r
                0x0000000000005278        0x0 ./User/ch32v30x_it.o
 .rela.text._close_r
                0x0000000000005278        0x0 ./User/ch32v30x_it.o
 .rela.text._fstat_r
                0x0000000000005278        0x0 ./User/ch32v30x_it.o
 .rela.text._isatty_r
                0x0000000000005278        0x0 ./User/ch32v30x_it.o
 .rela.text._lseek_r
                0x0000000000005278        0x0 ./User/ch32v30x_it.o
 .rela.text._read_r
                0x0000000000005278        0x0 ./User/ch32v30x_it.o
 .rela.text._close
                0x0000000000005278        0x0 ./User/ch32v30x_it.o
 .rela.text._fstat
                0x0000000000005278        0x0 ./User/ch32v30x_it.o
 .rela.text._isatty
                0x0000000000005278        0x0 ./User/ch32v30x_it.o
 .rela.text._lseek
                0x0000000000005278        0x0 ./User/ch32v30x_it.o
 .rela.text._read
                0x0000000000005278        0x0 ./User/ch32v30x_it.o

.fini           0x0000000000005278        0x0
 *(SORT_NONE(.fini))
                0x0000000000005278                . = ALIGN (0x4)
                [!provide]                        PROVIDE (_etext = .)
                [!provide]                        PROVIDE (_eitcm = .)

.preinit_array  0x0000000000005278        0x0
                [!provide]                        PROVIDE (__preinit_array_start = .)
 *(.preinit_array)
                [!provide]                        PROVIDE (__preinit_array_end = .)

.init_array     0x0000000000005278        0x0
                [!provide]                        PROVIDE (__init_array_start = .)
 *(SORT_BY_INIT_PRIORITY(.init_array.*) SORT_BY_INIT_PRIORITY(.ctors.*))
 *(.init_array EXCLUDE_FILE(*crtend?.o *crtend.o *crtbegin?.o *crtbegin.o) .ctors)
                [!provide]                        PROVIDE (__init_array_end = .)

.fini_array     0x0000000000005278        0x0
                [!provide]                        PROVIDE (__fini_array_start = .)
 *(SORT_BY_INIT_PRIORITY(.fini_array.*) SORT_BY_INIT_PRIORITY(.dtors.*))
 *(.fini_array EXCLUDE_FILE(*crtend?.o *crtend.o *crtbegin?.o *crtbegin.o) .dtors)
                [!provide]                        PROVIDE (__fini_array_end = .)

.ctors
 *crtbegin.o(.ctors)
 *crtbegin?.o(.ctors)
 *(EXCLUDE_FILE(*crtend?.o *crtend.o) .ctors)
 *(SORT_BY_NAME(.ctors.*))
 *(.ctors)

.dtors
 *crtbegin.o(.dtors)
 *crtbegin?.o(.dtors)
 *(EXCLUDE_FILE(*crtend?.o *crtend.o) .dtors)
 *(SORT_BY_NAME(.dtors.*))
 *(.dtors)

.dalign         0x0000000020000000        0x0 load address 0x0000000000005278
                0x0000000020000000                . = ALIGN (0x4)
                0x0000000020000000                PROVIDE (_data_vma = .)

.dlalign        0x0000000000005278        0x0
                0x0000000000005278                . = ALIGN (0x4)
                0x0000000000005278                PROVIDE (_data_lma = .)

.data           0x0000000020000000       0xc0 load address 0x0000000000005278
 *(.gnu.linkonce.r.*)
 *(.data .data.*)
 .data.IFTest_Buf
                0x0000000020000000       0x35 ./User/ch32v30x_usbhs_device.o
                0x0000000020000000                IFTest_Buf
 *fill*         0x0000000020000035        0x3 
 .data.AHBPrescTable
                0x0000000020000038       0x10 ./User/system_ch32v30x.o
                0x0000000020000038                AHBPrescTable
 .data.impure_data
                0x0000000020000048       0x60 c:/mounriver/mounriver_studio2/resources/app/resources/win32/components/wch/toolchain/risc-v embedded gcc/bin/../lib/gcc/riscv-none-embed/8.2.0/../../../../riscv-none-embed/lib/rv32imacxw/ilp32\libg_nano.a(lib_a-impure.o)
 *(.gnu.linkonce.d.*)
                0x00000000200000a8                . = ALIGN (0x8)
                0x00000000200008a8                PROVIDE (__global_pointer$ = (. + 0x800))
 *(.sdata .sdata.*)
 .sdata.SystemCoreClock
                0x00000000200000a8        0x4 ./User/system_ch32v30x.o
                0x00000000200000a8                SystemCoreClock
 .sdata.KB_Scan_Result
                0x00000000200000ac        0x2 ./User/usbd_compostie_km.o
                0x00000000200000ac                KB_Scan_Result
 .sdata.KB_Scan_Last_Result
                0x00000000200000ae        0x2 ./User/usbd_compostie_km.o
                0x00000000200000ae                KB_Scan_Last_Result
 .sdata.curbrk.5377
                0x00000000200000b0        0x4 ./Debug/debug.o
 .sdata._impure_ptr
                0x00000000200000b4        0x4 c:/mounriver/mounriver_studio2/resources/app/resources/win32/components/wch/toolchain/risc-v embedded gcc/bin/../lib/gcc/riscv-none-embed/8.2.0/../../../../riscv-none-embed/lib/rv32imacxw/ilp32\libg_nano.a(lib_a-impure.o)
                0x00000000200000b4                _impure_ptr
 *(.sdata2.*)
 .sdata2.MyLangDescr
                0x00000000200000b8        0x4 ./User/usbd_desc.o
                0x00000000200000b8                MyLangDescr
 .sdata2._global_impure_ptr
                0x00000000200000bc        0x4 c:/mounriver/mounriver_studio2/resources/app/resources/win32/components/wch/toolchain/risc-v embedded gcc/bin/../lib/gcc/riscv-none-embed/8.2.0/../../../../riscv-none-embed/lib/rv32imacxw/ilp32\libg_nano.a(lib_a-impure.o)
                0x00000000200000bc                _global_impure_ptr
 *(.gnu.linkonce.s.*)
                0x00000000200000c0                . = ALIGN (0x8)
 *(.srodata.cst16)
 *(.srodata.cst8)
 *(.srodata.cst4)
 *(.srodata.cst2)
 *(.srodata .srodata.*)
                0x00000000200000c0                . = ALIGN (0x4)
                0x00000000200000c0                PROVIDE (_edata = .)

.bss            0x00000000200000c0      0x4a8 load address 0x0000000000005338
                0x00000000200000c0                . = ALIGN (0x4)
                0x00000000200000c0                PROVIDE (_sbss = .)
 *(.sbss*)
 .sbss.USBHS_Test_Flag
                0x00000000200000c0        0x1 ./User/ch32v30x_usbhs_device.o
                0x00000000200000c0                USBHS_Test_Flag
 *fill*         0x00000000200000c1        0x3 
 .sbss.pUSBHS_Descr
                0x00000000200000c4        0x4 ./User/ch32v30x_usbhs_device.o
                0x00000000200000c4                pUSBHS_Descr
 .sbss.USBHS_SetupReqCode
                0x00000000200000c8        0x1 ./User/ch32v30x_usbhs_device.o
                0x00000000200000c8                USBHS_SetupReqCode
 .sbss.USBHS_SetupReqType
                0x00000000200000c9        0x1 ./User/ch32v30x_usbhs_device.o
                0x00000000200000c9                USBHS_SetupReqType
 .sbss.USBHS_SetupReqValue
                0x00000000200000ca        0x2 ./User/ch32v30x_usbhs_device.o
                0x00000000200000ca                USBHS_SetupReqValue
 .sbss.USBHS_SetupReqIndex
                0x00000000200000cc        0x2 ./User/ch32v30x_usbhs_device.o
                0x00000000200000cc                USBHS_SetupReqIndex
 .sbss.USBHS_SetupReqLen
                0x00000000200000ce        0x2 ./User/ch32v30x_usbhs_device.o
                0x00000000200000ce                USBHS_SetupReqLen
 .sbss.USBHS_DevConfig
                0x00000000200000d0        0x1 ./User/ch32v30x_usbhs_device.o
                0x00000000200000d0                USBHS_DevConfig
 .sbss.USBHS_DevAddr
                0x00000000200000d1        0x1 ./User/ch32v30x_usbhs_device.o
                0x00000000200000d1                USBHS_DevAddr
 .sbss.USBHS_DevSleepStatus
                0x00000000200000d2        0x1 ./User/ch32v30x_usbhs_device.o
                0x00000000200000d2                USBHS_DevSleepStatus
 .sbss.USBHS_DevEnumStatus
                0x00000000200000d3        0x1 ./User/ch32v30x_usbhs_device.o
                0x00000000200000d3                USBHS_DevEnumStatus
 .sbss.USBHS_HidIdle
                0x00000000200000d4        0x2 ./User/ch32v30x_usbhs_device.o
                0x00000000200000d4                USBHS_HidIdle
 *fill*         0x00000000200000d6        0x2 
 .sbss.USBHS_HidProtocol
                0x00000000200000d8        0x2 ./User/ch32v30x_usbhs_device.o
                0x00000000200000d8                USBHS_HidProtocol
 .sbss.Calibrattion_Val
                0x00000000200000da        0x2 ./User/usbd_compostie_km.o
                0x00000000200000da                Calibrattion_Val
 .sbss.KB_Scan_Done
                0x00000000200000dc        0x1 ./User/usbd_compostie_km.o
                0x00000000200000dc                KB_Scan_Done
 *fill*         0x00000000200000dd        0x3 
 .sbss.KB_Data_Pack
                0x00000000200000e0        0x8 ./User/usbd_compostie_km.o
                0x00000000200000e0                KB_Data_Pack
 .sbss.KB_LED_Cur_Status
                0x00000000200000e8        0x1 ./User/usbd_compostie_km.o
                0x00000000200000e8                KB_LED_Cur_Status
 .sbss.USART_Send_Flag
                0x00000000200000e9        0x1 ./User/usbd_compostie_km.o
                0x00000000200000e9                USART_Send_Flag
 .sbss.USART_Send_Cnt
                0x00000000200000ea        0x1 ./User/usbd_compostie_km.o
                0x00000000200000ea                USART_Send_Cnt
 *fill*         0x00000000200000eb        0x1 
 .sbss.scan_cnt.5658
                0x00000000200000ec        0x2 ./User/usbd_compostie_km.o
 .sbss.scan_result.5659
                0x00000000200000ee        0x2 ./User/usbd_compostie_km.o
 .sbss.key_cnt.5666
                0x00000000200000f0        0x1 ./User/usbd_compostie_km.o
 .sbss.flag.5667
                0x00000000200000f1        0x1 ./User/usbd_compostie_km.o
 *fill*         0x00000000200000f2        0x2 
 .sbss.NVIC_Priority_Group
                0x00000000200000f4        0x4 ./Peripheral/src/ch32v30x_misc.o
                0x00000000200000f4                NVIC_Priority_Group
 .sbss.p_us     0x00000000200000f8        0x1 ./Debug/debug.o
 *fill*         0x00000000200000f9        0x1 
 .sbss.p_ms     0x00000000200000fa        0x2 ./Debug/debug.o
 .sbss.__malloc_free_list
                0x00000000200000fc        0x4 c:/mounriver/mounriver_studio2/resources/app/resources/win32/components/wch/toolchain/risc-v embedded gcc/bin/../lib/gcc/riscv-none-embed/8.2.0/../../../../riscv-none-embed/lib/rv32imacxw/ilp32\libg_nano.a(lib_a-nano-mallocr.o)
                0x00000000200000fc                __malloc_free_list
 .sbss.__malloc_sbrk_start
                0x0000000020000100        0x4 c:/mounriver/mounriver_studio2/resources/app/resources/win32/components/wch/toolchain/risc-v embedded gcc/bin/../lib/gcc/riscv-none-embed/8.2.0/../../../../riscv-none-embed/lib/rv32imacxw/ilp32\libg_nano.a(lib_a-nano-mallocr.o)
                0x0000000020000100                __malloc_sbrk_start
 *(.gnu.linkonce.sb.*)
 *(.bss*)
 .bss.USBHS_EP0_Buf
                0x0000000020000104       0x40 ./User/ch32v30x_usbhs_device.o
                0x0000000020000104                USBHS_EP0_Buf
 .bss.USBHS_EP1_TX_Buf
                0x0000000020000144      0x200 ./User/ch32v30x_usbhs_device.o
                0x0000000020000144                USBHS_EP1_TX_Buf
 .bss.USBHS_EP2_TX_Buf
                0x0000000020000344      0x200 ./User/ch32v30x_usbhs_device.o
                0x0000000020000344                USBHS_EP2_TX_Buf
 .bss.USBHS_Endp_Busy
                0x0000000020000544       0x10 ./User/ch32v30x_usbhs_device.o
                0x0000000020000544                USBHS_Endp_Busy
 .bss.ADC_Values
                0x0000000020000554        0xe ./User/usbd_compostie_km.o
                0x0000000020000554                ADC_Values
 *(.gnu.linkonce.b.*)
 *(COMMON*)
 *fill*         0x0000000020000562        0x2 
 COMMON         0x0000000020000564        0x4 c:/mounriver/mounriver_studio2/resources/app/resources/win32/components/wch/toolchain/risc-v embedded gcc/bin/../lib/gcc/riscv-none-embed/8.2.0/../../../../riscv-none-embed/lib/rv32imacxw/ilp32\libg_nano.a(lib_a-reent.o)
                0x0000000020000564                errno
                0x0000000020000568                . = ALIGN (0x4)
                0x0000000020000568                PROVIDE (_ebss = .)
                0x0000000020000568                PROVIDE (_end = _ebss)
                [!provide]                        PROVIDE (end = .)

.stack          0x0000000020007800      0x800
                0x0000000020007800                PROVIDE (_heap_end = .)
                0x0000000020007800                . = ALIGN (0x4)
                [!provide]                        PROVIDE (_susrstack = .)
                0x0000000020008000                . = (. + __stack_size)
 *fill*         0x0000000020007800      0x800 
                0x0000000020008000                PROVIDE (_eusrstack = .)
OUTPUT(CompositeKM.elf elf32-littleriscv)

.debug_info     0x0000000000000000    0x12ab7
 .debug_info    0x0000000000000000      0xbc0 ./User/ch32v30x_it.o
 .debug_info    0x0000000000000bc0     0x1e51 ./User/ch32v30x_usbhs_device.o
 .debug_info    0x0000000000002a11      0xb56 ./User/main.o
 .debug_info    0x0000000000003567      0xb83 ./User/system_ch32v30x.o
 .debug_info    0x00000000000040ea     0x226d ./User/usbd_compostie_km.o
 .debug_info    0x0000000000006357      0x17b ./User/usbd_desc.o
 .debug_info    0x00000000000064d2       0x22 ./Startup/startup_ch32v30x_D8C.o
 .debug_info    0x00000000000064f4     0x162c ./Peripheral/src/ch32v30x_adc.o
 .debug_info    0x0000000000007b20      0xa3b ./Peripheral/src/ch32v30x_dbgmcu.o
 .debug_info    0x000000000000855b      0xd3b ./Peripheral/src/ch32v30x_dma.o
 .debug_info    0x0000000000009296      0xc0d ./Peripheral/src/ch32v30x_exti.o
 .debug_info    0x0000000000009ea3     0x1004 ./Peripheral/src/ch32v30x_gpio.o
 .debug_info    0x000000000000aea7      0xf59 ./Peripheral/src/ch32v30x_misc.o
 .debug_info    0x000000000000be00      0xfd1 ./Peripheral/src/ch32v30x_pwr.o
 .debug_info    0x000000000000cdd1     0x154a ./Peripheral/src/ch32v30x_rcc.o
 .debug_info    0x000000000000e31b     0x26a8 ./Peripheral/src/ch32v30x_tim.o
 .debug_info    0x00000000000109c3     0x12a8 ./Peripheral/src/ch32v30x_usart.o
 .debug_info    0x0000000000011c6b      0xe4c ./Debug/debug.o

.debug_abbrev   0x0000000000000000     0x2dca
 .debug_abbrev  0x0000000000000000      0x22c ./User/ch32v30x_it.o
 .debug_abbrev  0x000000000000022c      0x3c0 ./User/ch32v30x_usbhs_device.o
 .debug_abbrev  0x00000000000005ec      0x218 ./User/main.o
 .debug_abbrev  0x0000000000000804      0x29e ./User/system_ch32v30x.o
 .debug_abbrev  0x0000000000000aa2      0x3a6 ./User/usbd_compostie_km.o
 .debug_abbrev  0x0000000000000e48       0x6c ./User/usbd_desc.o
 .debug_abbrev  0x0000000000000eb4       0x12 ./Startup/startup_ch32v30x_D8C.o
 .debug_abbrev  0x0000000000000ec6      0x2ef ./Peripheral/src/ch32v30x_adc.o
 .debug_abbrev  0x00000000000011b5      0x276 ./Peripheral/src/ch32v30x_dbgmcu.o
 .debug_abbrev  0x000000000000142b      0x295 ./Peripheral/src/ch32v30x_dma.o
 .debug_abbrev  0x00000000000016c0      0x268 ./Peripheral/src/ch32v30x_exti.o
 .debug_abbrev  0x0000000000001928      0x2f5 ./Peripheral/src/ch32v30x_gpio.o
 .debug_abbrev  0x0000000000001c1d      0x2c7 ./Peripheral/src/ch32v30x_misc.o
 .debug_abbrev  0x0000000000001ee4      0x35a ./Peripheral/src/ch32v30x_pwr.o
 .debug_abbrev  0x000000000000223e      0x2fa ./Peripheral/src/ch32v30x_rcc.o
 .debug_abbrev  0x0000000000002538      0x2ed ./Peripheral/src/ch32v30x_tim.o
 .debug_abbrev  0x0000000000002825      0x2c2 ./Peripheral/src/ch32v30x_usart.o
 .debug_abbrev  0x0000000000002ae7      0x2e3 ./Debug/debug.o

.debug_aranges  0x0000000000000000      0xb08
 .debug_aranges
                0x0000000000000000       0x28 ./User/ch32v30x_it.o
 .debug_aranges
                0x0000000000000028       0x50 ./User/ch32v30x_usbhs_device.o
 .debug_aranges
                0x0000000000000078       0x20 ./User/main.o
 .debug_aranges
                0x0000000000000098       0x38 ./User/system_ch32v30x.o
 .debug_aranges
                0x00000000000000d0       0x58 ./User/usbd_compostie_km.o
 .debug_aranges
                0x0000000000000128       0x18 ./User/usbd_desc.o
 .debug_aranges
                0x0000000000000140       0x30 ./Startup/startup_ch32v30x_D8C.o
 .debug_aranges
                0x0000000000000170      0x150 ./Peripheral/src/ch32v30x_adc.o
 .debug_aranges
                0x00000000000002c0       0x48 ./Peripheral/src/ch32v30x_dbgmcu.o
 .debug_aranges
                0x0000000000000308       0x70 ./Peripheral/src/ch32v30x_dma.o
 .debug_aranges
                0x0000000000000378       0x58 ./Peripheral/src/ch32v30x_exti.o
 .debug_aranges
                0x00000000000003d0       0xb0 ./Peripheral/src/ch32v30x_gpio.o
 .debug_aranges
                0x0000000000000480       0x28 ./Peripheral/src/ch32v30x_misc.o
 .debug_aranges
                0x00000000000004a8       0x88 ./Peripheral/src/ch32v30x_pwr.o
 .debug_aranges
                0x0000000000000530      0x1a8 ./Peripheral/src/ch32v30x_rcc.o
 .debug_aranges
                0x00000000000006d8      0x2f0 ./Peripheral/src/ch32v30x_tim.o
 .debug_aranges
                0x00000000000009c8       0xf0 ./Peripheral/src/ch32v30x_usart.o
 .debug_aranges
                0x0000000000000ab8       0x50 ./Debug/debug.o

.debug_ranges   0x0000000000000000      0x9e8
 .debug_ranges  0x0000000000000000       0x18 ./User/ch32v30x_it.o
 .debug_ranges  0x0000000000000018       0x40 ./User/ch32v30x_usbhs_device.o
 .debug_ranges  0x0000000000000058       0x10 ./User/main.o
 .debug_ranges  0x0000000000000068       0x28 ./User/system_ch32v30x.o
 .debug_ranges  0x0000000000000090       0x48 ./User/usbd_compostie_km.o
 .debug_ranges  0x00000000000000d8       0x28 ./Startup/startup_ch32v30x_D8C.o
 .debug_ranges  0x0000000000000100      0x140 ./Peripheral/src/ch32v30x_adc.o
 .debug_ranges  0x0000000000000240       0x38 ./Peripheral/src/ch32v30x_dbgmcu.o
 .debug_ranges  0x0000000000000278       0x60 ./Peripheral/src/ch32v30x_dma.o
 .debug_ranges  0x00000000000002d8       0x48 ./Peripheral/src/ch32v30x_exti.o
 .debug_ranges  0x0000000000000320       0xa0 ./Peripheral/src/ch32v30x_gpio.o
 .debug_ranges  0x00000000000003c0       0x18 ./Peripheral/src/ch32v30x_misc.o
 .debug_ranges  0x00000000000003d8       0x78 ./Peripheral/src/ch32v30x_pwr.o
 .debug_ranges  0x0000000000000450      0x198 ./Peripheral/src/ch32v30x_rcc.o
 .debug_ranges  0x00000000000005e8      0x2e0 ./Peripheral/src/ch32v30x_tim.o
 .debug_ranges  0x00000000000008c8       0xe0 ./Peripheral/src/ch32v30x_usart.o
 .debug_ranges  0x00000000000009a8       0x40 ./Debug/debug.o

.debug_line     0x0000000000000000     0xc209
 .debug_line    0x0000000000000000      0x311 ./User/ch32v30x_it.o
 .debug_line    0x0000000000000311     0x1661 ./User/ch32v30x_usbhs_device.o
 .debug_line    0x0000000000001972      0x38d ./User/main.o
 .debug_line    0x0000000000001cff      0x6d0 ./User/system_ch32v30x.o
 .debug_line    0x00000000000023cf      0xc5d ./User/usbd_compostie_km.o
 .debug_line    0x000000000000302c      0x176 ./User/usbd_desc.o
 .debug_line    0x00000000000031a2      0x153 ./Startup/startup_ch32v30x_D8C.o
 .debug_line    0x00000000000032f5     0x1397 ./Peripheral/src/ch32v30x_adc.o
 .debug_line    0x000000000000468c      0x415 ./Peripheral/src/ch32v30x_dbgmcu.o
 .debug_line    0x0000000000004aa1      0x9a5 ./Peripheral/src/ch32v30x_dma.o
 .debug_line    0x0000000000005446      0x6cc ./Peripheral/src/ch32v30x_exti.o
 .debug_line    0x0000000000005b12      0xe9e ./Peripheral/src/ch32v30x_gpio.o
 .debug_line    0x00000000000069b0      0x4a9 ./Peripheral/src/ch32v30x_misc.o
 .debug_line    0x0000000000006e59      0x8d8 ./Peripheral/src/ch32v30x_pwr.o
 .debug_line    0x0000000000007731     0x1556 ./Peripheral/src/ch32v30x_rcc.o
 .debug_line    0x0000000000008c87     0x2208 ./Peripheral/src/ch32v30x_tim.o
 .debug_line    0x000000000000ae8f      0xd32 ./Peripheral/src/ch32v30x_usart.o
 .debug_line    0x000000000000bbc1      0x648 ./Debug/debug.o

.debug_str      0x0000000000000000     0x41ea
 .debug_str     0x0000000000000000      0x61c ./User/ch32v30x_it.o
                                        0x692 (size before relaxing)
 .debug_str     0x000000000000061c     0x1034 ./User/ch32v30x_usbhs_device.o
                                       0x1695 (size before relaxing)
 .debug_str     0x0000000000001650       0x14 ./User/main.o
                                        0x778 (size before relaxing)
 .debug_str     0x0000000000001664      0x116 ./User/system_ch32v30x.o
                                        0x6ee (size before relaxing)
 .debug_str     0x000000000000177a      0x74a ./User/usbd_compostie_km.o
                                       0x1aa5 (size before relaxing)
 .debug_str     0x0000000000001ec4       0x14 ./User/usbd_desc.o
                                        0x20e (size before relaxing)
 .debug_str     0x0000000000001ed8       0x5f ./Startup/startup_ch32v30x_D8C.o
                                         0x98 (size before relaxing)
 .debug_str     0x0000000000001f37      0x4f6 ./Peripheral/src/ch32v30x_adc.o
                                        0xc48 (size before relaxing)
 .debug_str     0x000000000000242d       0xc0 ./Peripheral/src/ch32v30x_dbgmcu.o
                                        0x684 (size before relaxing)
 .debug_str     0x00000000000024ed      0x152 ./Peripheral/src/ch32v30x_dma.o
                                        0x831 (size before relaxing)
 .debug_str     0x000000000000263f      0x112 ./Peripheral/src/ch32v30x_exti.o
                                        0x7cb (size before relaxing)
 .debug_str     0x0000000000002751      0x281 ./Peripheral/src/ch32v30x_gpio.o
                                        0x9c0 (size before relaxing)
 .debug_str     0x00000000000029d2       0xc7 ./Peripheral/src/ch32v30x_misc.o
                                        0xcf7 (size before relaxing)
 .debug_str     0x0000000000002a99      0x1c4 ./Peripheral/src/ch32v30x_pwr.o
                                        0x87e (size before relaxing)
 .debug_str     0x0000000000002c5d      0x622 ./Peripheral/src/ch32v30x_rcc.o
                                        0xd1d (size before relaxing)
 .debug_str     0x000000000000327f      0xa70 ./Peripheral/src/ch32v30x_tim.o
                                       0x1296 (size before relaxing)
 .debug_str     0x0000000000003cef      0x413 ./Peripheral/src/ch32v30x_usart.o
                                        0xaf8 (size before relaxing)
 .debug_str     0x0000000000004102       0xe8 ./Debug/debug.o
                                        0x906 (size before relaxing)

.comment        0x0000000000000000       0x33
 .comment       0x0000000000000000       0x33 ./User/ch32v30x_it.o
                                         0x34 (size before relaxing)
 .comment       0x0000000000000033       0x34 ./User/ch32v30x_usbhs_device.o
 .comment       0x0000000000000033       0x34 ./User/main.o
 .comment       0x0000000000000033       0x34 ./User/system_ch32v30x.o
 .comment       0x0000000000000033       0x34 ./User/usbd_compostie_km.o
 .comment       0x0000000000000033       0x34 ./User/usbd_desc.o
 .comment       0x0000000000000033       0x34 ./Peripheral/src/ch32v30x_adc.o
 .comment       0x0000000000000033       0x34 ./Peripheral/src/ch32v30x_dbgmcu.o
 .comment       0x0000000000000033       0x34 ./Peripheral/src/ch32v30x_dma.o
 .comment       0x0000000000000033       0x34 ./Peripheral/src/ch32v30x_exti.o
 .comment       0x0000000000000033       0x34 ./Peripheral/src/ch32v30x_gpio.o
 .comment       0x0000000000000033       0x34 ./Peripheral/src/ch32v30x_misc.o
 .comment       0x0000000000000033       0x34 ./Peripheral/src/ch32v30x_pwr.o
 .comment       0x0000000000000033       0x34 ./Peripheral/src/ch32v30x_rcc.o
 .comment       0x0000000000000033       0x34 ./Peripheral/src/ch32v30x_tim.o
 .comment       0x0000000000000033       0x34 ./Peripheral/src/ch32v30x_usart.o
 .comment       0x0000000000000033       0x34 ./Debug/debug.o

.debug_frame    0x0000000000000000     0x3024
 .debug_frame   0x0000000000000000       0x48 ./User/ch32v30x_it.o
 .debug_frame   0x0000000000000048      0x10c ./User/ch32v30x_usbhs_device.o
 .debug_frame   0x0000000000000154       0x2c ./User/main.o
 .debug_frame   0x0000000000000180       0xa0 ./User/system_ch32v30x.o
 .debug_frame   0x0000000000000220      0x13c ./User/usbd_compostie_km.o
 .debug_frame   0x000000000000035c      0x504 ./Peripheral/src/ch32v30x_adc.o
 .debug_frame   0x0000000000000860       0xd4 ./Peripheral/src/ch32v30x_dbgmcu.o
 .debug_frame   0x0000000000000934      0x174 ./Peripheral/src/ch32v30x_dma.o
 .debug_frame   0x0000000000000aa8      0x114 ./Peripheral/src/ch32v30x_exti.o
 .debug_frame   0x0000000000000bbc      0x288 ./Peripheral/src/ch32v30x_gpio.o
 .debug_frame   0x0000000000000e44       0x50 ./Peripheral/src/ch32v30x_misc.o
 .debug_frame   0x0000000000000e94      0x1dc ./Peripheral/src/ch32v30x_pwr.o
 .debug_frame   0x0000000000001070      0x658 ./Peripheral/src/ch32v30x_rcc.o
 .debug_frame   0x00000000000016c8      0xbac ./Peripheral/src/ch32v30x_tim.o
 .debug_frame   0x0000000000002274      0x380 ./Peripheral/src/ch32v30x_usart.o
 .debug_frame   0x00000000000025f4       0xfc ./Debug/debug.o
 .debug_frame   0x00000000000026f0       0x20 c:/mounriver/mounriver_studio2/resources/app/resources/win32/components/wch/toolchain/risc-v embedded gcc/bin/../lib/gcc/riscv-none-embed/8.2.0/../../../../riscv-none-embed/lib/rv32imacxw/ilp32\libg_nano.a(lib_a-memcpy.o)
 .debug_frame   0x0000000000002710       0x54 c:/mounriver/mounriver_studio2/resources/app/resources/win32/components/wch/toolchain/risc-v embedded gcc/bin/../lib/gcc/riscv-none-embed/8.2.0/../../../../riscv-none-embed/lib/rv32imacxw/ilp32\libg_nano.a(lib_a-printf.o)
 .debug_frame   0x0000000000002764       0x54 c:/mounriver/mounriver_studio2/resources/app/resources/win32/components/wch/toolchain/risc-v embedded gcc/bin/../lib/gcc/riscv-none-embed/8.2.0/../../../../riscv-none-embed/lib/rv32imacxw/ilp32\libg_nano.a(lib_a-puts.o)
 .debug_frame   0x00000000000027b8       0x50 c:/mounriver/mounriver_studio2/resources/app/resources/win32/components/wch/toolchain/risc-v embedded gcc/bin/../lib/gcc/riscv-none-embed/8.2.0/../../../../riscv-none-embed/lib/rv32imacxw/ilp32\libg_nano.a(lib_a-wbuf.o)
 .debug_frame   0x0000000000002808       0x3c c:/mounriver/mounriver_studio2/resources/app/resources/win32/components/wch/toolchain/risc-v embedded gcc/bin/../lib/gcc/riscv-none-embed/8.2.0/../../../../riscv-none-embed/lib/rv32imacxw/ilp32\libg_nano.a(lib_a-wsetup.o)
 .debug_frame   0x0000000000002844       0x7c c:/mounriver/mounriver_studio2/resources/app/resources/win32/components/wch/toolchain/risc-v embedded gcc/bin/../lib/gcc/riscv-none-embed/8.2.0/../../../../riscv-none-embed/lib/rv32imacxw/ilp32\libg_nano.a(lib_a-fflush.o)
 .debug_frame   0x00000000000028c0      0x148 c:/mounriver/mounriver_studio2/resources/app/resources/win32/components/wch/toolchain/risc-v embedded gcc/bin/../lib/gcc/riscv-none-embed/8.2.0/../../../../riscv-none-embed/lib/rv32imacxw/ilp32\libg_nano.a(lib_a-findfp.o)
 .debug_frame   0x0000000000002a08       0x88 c:/mounriver/mounriver_studio2/resources/app/resources/win32/components/wch/toolchain/risc-v embedded gcc/bin/../lib/gcc/riscv-none-embed/8.2.0/../../../../riscv-none-embed/lib/rv32imacxw/ilp32\libg_nano.a(lib_a-fwalk.o)
 .debug_frame   0x0000000000002a90       0x64 c:/mounriver/mounriver_studio2/resources/app/resources/win32/components/wch/toolchain/risc-v embedded gcc/bin/../lib/gcc/riscv-none-embed/8.2.0/../../../../riscv-none-embed/lib/rv32imacxw/ilp32\libg_nano.a(lib_a-makebuf.o)
 .debug_frame   0x0000000000002af4       0x40 c:/mounriver/mounriver_studio2/resources/app/resources/win32/components/wch/toolchain/risc-v embedded gcc/bin/../lib/gcc/riscv-none-embed/8.2.0/../../../../riscv-none-embed/lib/rv32imacxw/ilp32\libg_nano.a(lib_a-nano-freer.o)
 .debug_frame   0x0000000000002b34       0x40 c:/mounriver/mounriver_studio2/resources/app/resources/win32/components/wch/toolchain/risc-v embedded gcc/bin/../lib/gcc/riscv-none-embed/8.2.0/../../../../riscv-none-embed/lib/rv32imacxw/ilp32\libg_nano.a(lib_a-nano-mallocr.o)
 .debug_frame   0x0000000000002b74       0xd0 c:/mounriver/mounriver_studio2/resources/app/resources/win32/components/wch/toolchain/risc-v embedded gcc/bin/../lib/gcc/riscv-none-embed/8.2.0/../../../../riscv-none-embed/lib/rv32imacxw/ilp32\libg_nano.a(lib_a-nano-vfprintf.o)
 .debug_frame   0x0000000000002c44       0x8c c:/mounriver/mounriver_studio2/resources/app/resources/win32/components/wch/toolchain/risc-v embedded gcc/bin/../lib/gcc/riscv-none-embed/8.2.0/../../../../riscv-none-embed/lib/rv32imacxw/ilp32\libg_nano.a(lib_a-nano-vfprintf_i.o)
 .debug_frame   0x0000000000002cd0       0x30 c:/mounriver/mounriver_studio2/resources/app/resources/win32/components/wch/toolchain/risc-v embedded gcc/bin/../lib/gcc/riscv-none-embed/8.2.0/../../../../riscv-none-embed/lib/rv32imacxw/ilp32\libg_nano.a(lib_a-sbrkr.o)
 .debug_frame   0x0000000000002d00       0xa4 c:/mounriver/mounriver_studio2/resources/app/resources/win32/components/wch/toolchain/risc-v embedded gcc/bin/../lib/gcc/riscv-none-embed/8.2.0/../../../../riscv-none-embed/lib/rv32imacxw/ilp32\libg_nano.a(lib_a-stdio.o)
 .debug_frame   0x0000000000002da4       0x30 c:/mounriver/mounriver_studio2/resources/app/resources/win32/components/wch/toolchain/risc-v embedded gcc/bin/../lib/gcc/riscv-none-embed/8.2.0/../../../../riscv-none-embed/lib/rv32imacxw/ilp32\libg_nano.a(lib_a-writer.o)
 .debug_frame   0x0000000000002dd4       0x30 c:/mounriver/mounriver_studio2/resources/app/resources/win32/components/wch/toolchain/risc-v embedded gcc/bin/../lib/gcc/riscv-none-embed/8.2.0/../../../../riscv-none-embed/lib/rv32imacxw/ilp32\libg_nano.a(lib_a-closer.o)
 .debug_frame   0x0000000000002e04       0x30 c:/mounriver/mounriver_studio2/resources/app/resources/win32/components/wch/toolchain/risc-v embedded gcc/bin/../lib/gcc/riscv-none-embed/8.2.0/../../../../riscv-none-embed/lib/rv32imacxw/ilp32\libg_nano.a(lib_a-fstatr.o)
 .debug_frame   0x0000000000002e34       0x30 c:/mounriver/mounriver_studio2/resources/app/resources/win32/components/wch/toolchain/risc-v embedded gcc/bin/../lib/gcc/riscv-none-embed/8.2.0/../../../../riscv-none-embed/lib/rv32imacxw/ilp32\libg_nano.a(lib_a-isattyr.o)
 .debug_frame   0x0000000000002e64       0x30 c:/mounriver/mounriver_studio2/resources/app/resources/win32/components/wch/toolchain/risc-v embedded gcc/bin/../lib/gcc/riscv-none-embed/8.2.0/../../../../riscv-none-embed/lib/rv32imacxw/ilp32\libg_nano.a(lib_a-lseekr.o)
 .debug_frame   0x0000000000002e94       0x20 c:/mounriver/mounriver_studio2/resources/app/resources/win32/components/wch/toolchain/risc-v embedded gcc/bin/../lib/gcc/riscv-none-embed/8.2.0/../../../../riscv-none-embed/lib/rv32imacxw/ilp32\libg_nano.a(lib_a-memchr.o)
 .debug_frame   0x0000000000002eb4       0x30 c:/mounriver/mounriver_studio2/resources/app/resources/win32/components/wch/toolchain/risc-v embedded gcc/bin/../lib/gcc/riscv-none-embed/8.2.0/../../../../riscv-none-embed/lib/rv32imacxw/ilp32\libg_nano.a(lib_a-mlock.o)
 .debug_frame   0x0000000000002ee4       0x30 c:/mounriver/mounriver_studio2/resources/app/resources/win32/components/wch/toolchain/risc-v embedded gcc/bin/../lib/gcc/riscv-none-embed/8.2.0/../../../../riscv-none-embed/lib/rv32imacxw/ilp32\libg_nano.a(lib_a-readr.o)
 .debug_frame   0x0000000000002f14       0x70 c:/mounriver/mounriver_studio2/resources/app/resources/win32/components/wch/toolchain/risc-v embedded gcc/bin/../lib/gcc/riscv-none-embed/8.2.0/../../../../riscv-none-embed/lib/rv32imacxw/ilp32\libg_nano.a(lib_a-reent.o)
 .debug_frame   0x0000000000002f84       0x20 c:/mounriver/mounriver_studio2/resources/app/resources/win32/components/wch/toolchain/risc-v embedded gcc/bin/../lib/gcc/riscv-none-embed/8.2.0/../../../../riscv-none-embed/lib/rv32imacxw/ilp32\libnosys.a(close.o)
 .debug_frame   0x0000000000002fa4       0x20 c:/mounriver/mounriver_studio2/resources/app/resources/win32/components/wch/toolchain/risc-v embedded gcc/bin/../lib/gcc/riscv-none-embed/8.2.0/../../../../riscv-none-embed/lib/rv32imacxw/ilp32\libnosys.a(fstat.o)
 .debug_frame   0x0000000000002fc4       0x20 c:/mounriver/mounriver_studio2/resources/app/resources/win32/components/wch/toolchain/risc-v embedded gcc/bin/../lib/gcc/riscv-none-embed/8.2.0/../../../../riscv-none-embed/lib/rv32imacxw/ilp32\libnosys.a(isatty.o)
 .debug_frame   0x0000000000002fe4       0x20 c:/mounriver/mounriver_studio2/resources/app/resources/win32/components/wch/toolchain/risc-v embedded gcc/bin/../lib/gcc/riscv-none-embed/8.2.0/../../../../riscv-none-embed/lib/rv32imacxw/ilp32\libnosys.a(lseek.o)
 .debug_frame   0x0000000000003004       0x20 c:/mounriver/mounriver_studio2/resources/app/resources/win32/components/wch/toolchain/risc-v embedded gcc/bin/../lib/gcc/riscv-none-embed/8.2.0/../../../../riscv-none-embed/lib/rv32imacxw/ilp32\libnosys.a(read.o)

.stab           0x0000000000000000       0x84
 .stab          0x0000000000000000       0x24 c:/mounriver/mounriver_studio2/resources/app/resources/win32/components/wch/toolchain/risc-v embedded gcc/bin/../lib/gcc/riscv-none-embed/8.2.0/../../../../riscv-none-embed/lib/rv32imacxw/ilp32\libnosys.a(close.o)
 .stab          0x0000000000000024       0x18 c:/mounriver/mounriver_studio2/resources/app/resources/win32/components/wch/toolchain/risc-v embedded gcc/bin/../lib/gcc/riscv-none-embed/8.2.0/../../../../riscv-none-embed/lib/rv32imacxw/ilp32\libnosys.a(fstat.o)
                                         0x24 (size before relaxing)
 .stab          0x000000000000003c       0x18 c:/mounriver/mounriver_studio2/resources/app/resources/win32/components/wch/toolchain/risc-v embedded gcc/bin/../lib/gcc/riscv-none-embed/8.2.0/../../../../riscv-none-embed/lib/rv32imacxw/ilp32\libnosys.a(isatty.o)
                                         0x24 (size before relaxing)
 .stab          0x0000000000000054       0x18 c:/mounriver/mounriver_studio2/resources/app/resources/win32/components/wch/toolchain/risc-v embedded gcc/bin/../lib/gcc/riscv-none-embed/8.2.0/../../../../riscv-none-embed/lib/rv32imacxw/ilp32\libnosys.a(lseek.o)
                                         0x24 (size before relaxing)
 .stab          0x000000000000006c       0x18 c:/mounriver/mounriver_studio2/resources/app/resources/win32/components/wch/toolchain/risc-v embedded gcc/bin/../lib/gcc/riscv-none-embed/8.2.0/../../../../riscv-none-embed/lib/rv32imacxw/ilp32\libnosys.a(read.o)
                                         0x24 (size before relaxing)

.stabstr        0x0000000000000000      0x117
 .stabstr       0x0000000000000000      0x117 c:/mounriver/mounriver_studio2/resources/app/resources/win32/components/wch/toolchain/risc-v embedded gcc/bin/../lib/gcc/riscv-none-embed/8.2.0/../../../../riscv-none-embed/lib/rv32imacxw/ilp32\libnosys.a(close.o)
